$ sudo apt install python3-django

#Installing postgreSql

$ sudo apt install postgresql postgresql-contrib

$ sudo systemctl start postgresql
$ sudo systemctl enable postgresql

$ pip install psycopg2-binary

*if error in installing package use virtual environment
    python3 -m venv myenv
    source myenv/bin/activate

#setting DATABASE

$ sudo -u postgres psql

postgres=# CREATE DATABASE stock_analysis;
postgres=# CREATE USER yash WITH PASSWORD '1234';

$ sudo -u postgres psql -d stock_analysis (switch to newly created database)

stock_analysis=# GRANT CREATE ON schema public TO yash;
stock_analysis=# SELECT nspname FROM pg_namespace WHERE nspname = 'public';
stock_analysis=# ALTER SCHEMA public OWNER TO yash;

stock_analysis=# psql -U yash -d stock_analysis

--------------------------------------------------------------------------------
# create stock_data table 

stock_analysis=#    CREATE TABLE stock_data (
        id SERIAL PRIMARY KEY,
        stock_symbol VARCHAR(50),
        date DATE,
        open NUMERIC,
        high NUMERIC,
        low NUMERIC,
        close NUMERIC,
        volume NUMERIC,
        dividends NUMERIC,
        stock_splits NUMERIC
    );

stock_analysis=#    ALTER TABLE stock_data 
    ADD COLUMN company_name VARCHAR(255),
    ADD COLUMN industry VARCHAR(255),
    ADD COLUMN sector VARCHAR(100),
    ADD COLUMN ceo VARCHAR(255),
    ADD COLUMN headquarters VARCHAR(255),
    ADD COLUMN website VARCHAR(255),
    ADD COLUMN market_cap NUMERIC,
    ADD COLUMN pe_ratio NUMERIC,
    ADD COLUMN eps NUMERIC,
    ADD COLUMN dividend_yield NUMERIC,
    ADD COLUMN fifty_two_week_high NUMERIC,
    ADD COLUMN fifty_two_week_low NUMERIC;

# run following commands where manage.py is present

    python manage.py collect_data
    python manage.py import_data

    (Wait for process)

# Check in database where new fields are added or not!

stock_analysis=# SELECT * FROM accounts_stockdata WHERE stock_symbol = 'ITC.NS';

#clear database values
TRUNCATE TABLE accounts_stockdata CASCADE;