# Install Django
$ sudo apt install python3-django

# Install PostgreSQL
$ sudo apt install postgresql postgresql-contrib

# Start and enable PostgreSQL service
$ sudo systemctl start postgresql
$ sudo systemctl enable postgresql

# Install psycopg2-binary
$ pip install psycopg2-binary

# If there is an error in installing the package, use a virtual environment
$ python3 -m venv myenv
$ source myenv/bin/activate

# Setting up the DATABASE

# Switch to the postgres user
$ sudo -u postgres psql

# Create a new database
postgres=# CREATE DATABASE stock_analysis;

# Create a new user
postgres=# CREATE USER yash WITH PASSWORD '1234';

# Switch to the newly created database
$ sudo -u postgres psql -d stock_analysis

# Grant permissions to the new user
stock_analysis=# GRANT CREATE ON schema public TO yash;
stock_analysis=# SELECT nspname FROM pg_namespace WHERE nspname = 'public';
stock_analysis=# ALTER SCHEMA public OWNER TO yash;

# Connect to the database as the new user
$ psql -U yash -d stock_analysis

--------------------------------------------------------------------------------
# Create stock_data table

stock_analysis=# CREATE TABLE stock_data (
    id SERIAL PRIMARY KEY,
    stock_symbol VARCHAR(50),
    date DATE,
    open NUMERIC,
    high NUMERIC,
    low NUMERIC,
    close NUMERIC,
    volume NUMERIC,
    dividends NUMERIC,
    stock_splits NUMERIC
);

# Alter stock_data table to add additional columns
stock_analysis=# ALTER TABLE stock_data 
    ADD COLUMN company_name VARCHAR(255),
    ADD COLUMN industry VARCHAR(255),
    ADD COLUMN sector VARCHAR(100),
    ADD COLUMN ceo VARCHAR(255),
    ADD COLUMN headquarters VARCHAR(255),
    ADD COLUMN website VARCHAR(255),
    ADD COLUMN market_cap NUMERIC,
    ADD COLUMN pe_ratio NUMERIC,
    ADD COLUMN eps NUMERIC,
    ADD COLUMN dividend_yield NUMERIC,
    ADD COLUMN fifty_two_week_high NUMERIC,
    ADD COLUMN fifty_two_week_low NUMERIC;

--------------------------------------------------------------------------------
# Run the following commands where manage.py is present

$ python manage.py collect_data
$ python manage.py import_data

# Wait for the process to complete

# Check in the database if new fields are added
stock_analysis=# SELECT * FROM accounts_stockdata WHERE stock_symbol = 'ITC.NS';

# Clear database values
stock_analysis=# TRUNCATE TABLE accounts_stockdata CASCADE;