$ sudo apt install python3-django

#Installing postgreSql

$ sudo apt install postgresql postgresql-contrib

$ sudo systemctl start postgresql
$ sudo systemctl enable postgresql

$ pip install psycopg2-binary

*if error in installing package use virtual environment
    python3 -m venv myenv
    source myenv/bin/activate

#setting DATABASE

$ sudo -u postgres psql

postgres=# CREATE DATABASE stock_analysis;
postgres=# CREATE USER yash WITH PASSWORD '1234';

$ sudo -u postgres psql -d stock_analysis (switch to newly created database)

stock_analysis=# GRANT CREATE ON schema public TO yash;
stock_analysis=# SELECT nspname FROM pg_namespace WHERE nspname = 'public';
stock_analysis=# ALTER SCHEMA public OWNER TO yash;

stock_analysis=# psql -U yash -d stock_analysis
